// Jest Snapshot v1, https://goo.gl/fbAQLP

exports[`<UserCard/> Should render correctly 1`] = `
<div>
  <Container
    tag="div"
  >
    <Row
      tag="div"
    >
      <Col
        md={2.25}
        sm={2.25}
        tag="div"
        widths={
          Array [
            "xs",
            "sm",
            "md",
            "lg",
            "xl",
          ]
        }
        xl={2.25}
      >
        <CardImg
          src="http://placekitten.com/120/120"
          tag="img"
        />
      </Col>
      <Col
        tag="div"
        widths={
          Array [
            "xs",
            "sm",
            "md",
            "lg",
            "xl",
          ]
        }
      >
        <h4
          className="user-name"
        >
          user name
        </h4>
        <div
          className="chill-lvl"
        >
          chill level
        </div>
        <div
          className="questions-answered"
        >
          # qustions
        </div>
        <div
          className="isMoving"
        >
          isMoving button
        </div>
      </Col>
    </Row>
  </Container>
</div>
`;
